
                         MODELLER 10.8, 2025/11/04, r13157

     PROTEIN STRUCTURE MODELLING BY SATISFACTION OF SPATIAL RESTRAINTS


                     Copyright(c) 1989-2025 Andrej Sali
                            All Rights Reserved

                             Written by A. Sali
                               with help from
              B. Webb, M.S. Madhusudhan, M-Y. Shen, G.Q. Dong,
          M.A. Marti-Renom, N. Eswar, F. Alber, M. Topf, B. Oliva,
             A. Fiser, R. Sanchez, B. Yerkovich, A. Badretdinov,
                     F. Melo, J.P. Overington, E. Feyfant
                 University of California, San Francisco, USA
                    Rockefeller University, New York, USA
                      Harvard University, Cambridge, USA
                   Imperial Cancer Research Fund, London, UK
              Birkbeck College, University of London, London, UK


Kind, OS, HostName, Kernel, Processor: 4, Windows 8 build 9200, NANDU, SMP, x64
Date and time of compilation         : 2025/11/04 18:21:16
MODELLER executable type             : x86_64-w64
Job starting time (YY/MM/DD HH:MM:SS): 2026/09/25 11:07:02


check_ali___> Checking the sequence-structure alignment. 

Implied intrachain target CA(i)-CA(i+1) distances longer than  8.0 angstroms:

ALN_POS  TMPL  RID1  RID2  NAM1  NAM2     DIST
----------------------------------------------
END OF TABLE
read_to_681_> topology.submodel read from topology file:        3
patch_s_522_> Number of disulfides patched in MODEL:        2
mdtrsr__446W> A potential that relies on one protein is used, yet you have at
              least one known structure available. MDT, not library, potential is used.
0 atoms in HETATM/BLK residues constrained
to protein atoms within 2.30 angstroms
and protein CA atoms within 10.00 angstroms
0 atoms in residues without defined topology
constrained to be rigid bodies
condens_443_> Restraints marked for deletion were removed.
              Total number of restraints before, now:    11432    10545
iupac_m_397W> Atoms were not swapped because of the uncertainty of how to handle the H atom.
>> Model assessment by DOPE potential
iatmcls_286W> MODEL atom not classified:  ALA:OXT  ALA


>> ENERGY; Differences between the model's features and restraints:
Number of all residues in MODEL                   :      128
Number of all, selected real atoms                :      932     932
Number of all, selected pseudo atoms              :        0       0
Number of all static, selected restraints         :    10545   10545
COVALENT_CYS                                      :        F
NONBONDED_SEL_ATOMS                               :        1
Number of non-bonded pairs (excluding 1-2,1-3,1-4):   135667
Dynamic pairs routine                             : 1, NATM x NATM double loop
Atomic shift for contacts update (UPDATE_DYNAMIC) :    0.390
LENNARD_JONES_SWITCH                              :    6.500   7.500
COULOMB_JONES_SWITCH                              :    6.500   7.500
RESIDUE_SPAN_RANGE                                :        1    9999
NLOGN_USE                                         :       15
CONTACT_SHELL                                     :   15.000
DYNAMIC_PAIRS,_SPHERE,_COULOMB,_LENNARD,_MODELLER :        T       F       F       F       T
SPHERE_STDV                                       :    0.050
RADII_FACTOR                                      :    0.820
Current energy                                    :      -12768.9355




<< end of ENERGY.
DOPE score               : -12768.935547
>> Model assessment by GA341 potential

Surface library          : C:\Program Files\Modeller10.8/modlib/surf5.de
Pair library             : C:\Program Files\Modeller10.8/modlib/pair9.de
Chain identifier         : _
% sequence identity      :    98.438004
Sequence length          :          128
Compactness              :     0.208803
Native energy (pair)     :   -60.339311
Native energy (surface)  :    -5.981379
Native energy (combined) :    -4.649575
Z score (pair)           :    -4.645478
Z score (surface)        :    -5.443138
Z score (combined)       :    -6.858453
GA341 score              :     1.000000



>> ENERGY; Differences between the model's features and restraints:
Number of all residues in MODEL                   :      128
Number of all, selected real atoms                :      932     932
Number of all, selected pseudo atoms              :        0       0
Number of all static, selected restraints         :    10545   10545
COVALENT_CYS                                      :        F
NONBONDED_SEL_ATOMS                               :        1
Number of non-bonded pairs (excluding 1-2,1-3,1-4):     1720
Dynamic pairs routine                             : 2, NATM x NATM cell sorting
Atomic shift for contacts update (UPDATE_DYNAMIC) :    0.390
LENNARD_JONES_SWITCH                              :    6.500   7.500
COULOMB_JONES_SWITCH                              :    6.500   7.500
RESIDUE_SPAN_RANGE                                :        0   99999
NLOGN_USE                                         :       15
CONTACT_SHELL                                     :    4.000
DYNAMIC_PAIRS,_SPHERE,_COULOMB,_LENNARD,_MODELLER :        T       T       F       F       F
SPHERE_STDV                                       :    0.050
RADII_FACTOR                                      :    0.820
Current energy                                    :         706.8406





Summary of the restraint violations: 

   NUM     ... number of restraints.
   NUMVI   ... number of restraints with RVIOL > VIOL_REPORT_CUT[i].
   RVIOL   ... relative difference from the best value.
   NUMVP   ... number of restraints with -Ln(pdf) > VIOL_REPORT_CUT2[i].
   RMS_1   ... RMS(feature, minimally_violated_basis_restraint, NUMB).
   RMS_2   ... RMS(feature, best_value, NUMB).
   MOL.PDF ... scaled contribution to -Ln(Molecular pdf).

 #                     RESTRAINT_GROUP      NUM   NUMVI  NUMVP   RMS_1   RMS_2         MOL.PDF     S_i
------------------------------------------------------------------------------------------------------
 1 Bond length potential              :     949       0      0   0.005   0.005      5.7603       1.000
 2 Bond angle potential               :    1298       1      3   2.032   2.032      107.20       1.000
 3 Stereochemical cosine torsion poten:     610       0     30  52.819  52.819      253.71       1.000
 4 Stereochemical improper torsion pot:     385       0      0   1.145   1.145      11.085       1.000
 5 Soft-sphere overlap restraints     :    1720       0      0   0.001   0.001     0.43164       1.000
 6 Lennard-Jones 6-12 potential       :       0       0      0   0.000   0.000      0.0000       1.000
 7 Coulomb point-point electrostatic p:       0       0      0   0.000   0.000      0.0000       1.000
 8 H-bonding potential                :       0       0      0   0.000   0.000      0.0000       1.000
 9 Distance restraints 1 (CA-CA)      :    1968       0      0   0.102   0.102      23.585       1.000
10 Distance restraints 2 (N-O)        :    2039       1      9   0.220   0.220      103.29       1.000
11 Mainchain Phi dihedral restraints  :       0       0      0   0.000   0.000      0.0000       1.000
12 Mainchain Psi dihedral restraints  :       0       0      0   0.000   0.000      0.0000       1.000
13 Mainchain Omega dihedral restraints:     127       0      1   3.968   3.968      23.580       1.000
14 Sidechain Chi_1 dihedral restraints:     105       0      1  53.261  53.261      2.2802       1.000
15 Sidechain Chi_2 dihedral restraints:      68       0      0  61.838  61.838      16.479       1.000
16 Sidechain Chi_3 dihedral restraints:      26       0      0  76.415  76.415      14.957       1.000
17 Sidechain Chi_4 dihedral restraints:       2       0      0 118.728 118.728      1.5795       1.000
18 Disulfide distance restraints      :       2       0      0   0.007   0.007     0.18270E-01   1.000
19 Disulfide angle restraints         :       4       0      0   1.478   1.478     0.19290       1.000
20 Disulfide dihedral angle restraints:       2       0      0  52.733  52.733      3.4711       1.000
21 Lower bound distance restraints    :       0       0      0   0.000   0.000      0.0000       1.000
22 Upper bound distance restraints    :       0       0      0   0.000   0.000      0.0000       1.000
23 Distance restraints 3 (SDCH-MNCH)  :    1991       0      0   0.403   0.403      58.131       1.000
24 Sidechain Chi_5 dihedral restraints:       0       0      0   0.000   0.000      0.0000       1.000
25 Phi/Psi pair of dihedral restraints:     126       5      7  24.904  45.211      33.737       1.000
26 Distance restraints 4 (SDCH-SDCH)  :     843       0      0   0.637   0.637      47.356       1.000
27 Distance restraints 5 (X-Y)        :       0       0      0   0.000   0.000      0.0000       1.000
28 NMR distance restraints 6 (X-Y)    :       0       0      0   0.000   0.000      0.0000       1.000
29 NMR distance restraints 7 (X-Y)    :       0       0      0   0.000   0.000      0.0000       1.000
30 Minimal distance restraints        :       0       0      0   0.000   0.000      0.0000       1.000
31 Non-bonded restraints              :       0       0      0   0.000   0.000      0.0000       1.000
32 Atomic accessibility restraints    :       0       0      0   0.000   0.000      0.0000       1.000
33 Atomic density restraints          :       0       0      0   0.000   0.000      0.0000       1.000
34 Absolute position restraints       :       0       0      0   0.000   0.000      0.0000       1.000
35 Dihedral angle difference restraint:       0       0      0   0.000   0.000      0.0000       1.000
36 GBSA implicit solvent potential    :       0       0      0   0.000   0.000      0.0000       1.000
37 EM density fitting potential       :       0       0      0   0.000   0.000      0.0000       1.000
38 SAXS restraints                    :       0       0      0   0.000   0.000      0.0000       1.000
39 Symmetry restraints                :       0       0      0   0.000   0.000      0.0000       1.000



# Heavy relative violation of each residue is written to: HUMA.V99990001
# The profile is NOT normalized by the number of restraints.
# The profiles are smoothed over a window of residues:    1
# The sum of all numbers in the file:    9848.1523



List of the violated restraints:
   A restraint is violated when the relative difference
   from the best value (RVIOL) is larger than CUTOFF.

   ICSR   ... index of a restraint in the current set.
   RESNO  ... residue numbers of the first two atoms.
   ATM    ... IUPAC atom names of the first two atoms.
   FEAT   ... the value of the feature in the model.
   restr  ... the mean of the basis restraint with the smallest
              difference from the model (local minimum).
   viol   ... difference from the local minimum.
   rviol  ... relative difference from the local minimum.
   RESTR  ... the best value (global minimum).
   VIOL   ... difference from the best value.
   RVIOL  ... relative difference from the best value.


-------------------------------------------------------------------------------------------------

Feature  2                           : Bond angle potential                    
List of the RVIOL violations larger than   :       4.5000

    #   ICSR  RESNO1/2 ATM1/2   INDATM1/2    FEAT   restr    viol   rviol   RESTR    VIOL   RVIOL
    1   1787  86S  86S N   CA    597  598  124.21  107.00   17.21    4.95  107.00   17.21    4.95

-------------------------------------------------------------------------------------------------

Feature 25                           : Phi/Psi pair of dihedral restraints     
List of the RVIOL violations larger than   :       6.5000

    #   ICSR  RESNO1/2 ATM1/2   INDATM1/2    FEAT   restr    viol   rviol   RESTR    VIOL   RVIOL
    1   3251   1M   2N C   N       7    9  -66.03  -63.20    3.49    0.57   55.90  147.30   18.05
    1          2N   2N N   CA      9   10  -43.14  -41.10                   39.50
    2   3255   5T   6I C   N      35   37   -8.41  -63.40  112.29   20.39  -63.40  112.29   20.39
    2          6I   6I N   CA     37   38   54.30  -43.60                  -43.60
    3   3268  18T  19G C   N     122  124  -64.27  -62.40    4.54    0.62   82.20  153.40   11.59
    3         19G  19G N   CA    124  125  -37.06  -41.20                    8.50
    4   3335  85I  86S C   N     595  597  -72.14  -64.10   17.16    1.11  -72.40  172.24   10.12
    4         86S  86S N   CA    597  598  -19.84  -35.00                  152.40
    5   3336  86S  87G C   N     601  603   78.45   82.20   14.67    0.89  -62.40  145.26   27.08
    5         87G  87G N   CA    603  604   -5.68    8.50                  -41.20


report______> Distribution of short non-bonded contacts:


DISTANCE1:  0.00 2.10 2.20 2.30 2.40 2.50 2.60 2.70 2.80 2.90 3.00 3.10 3.20 3.30 3.40
DISTANCE2:  2.10 2.20 2.30 2.40 2.50 2.60 2.70 2.80 2.90 3.00 3.10 3.20 3.30 3.40 3.50
FREQUENCY:     0    0    0    0    0    5   16   29   46   53   79   83   95  130  135


<< end of ENERGY.
iupac_m_397W> Atoms were not swapped because of the uncertainty of how to handle the H atom.
iupac_m_397W> Atoms were not swapped because of the uncertainty of how to handle the H atom.
>> Model assessment by DOPE potential
iatmcls_286W> MODEL atom not classified:  ALA:OXT  ALA


>> ENERGY; Differences between the model's features and restraints:
Number of all residues in MODEL                   :      128
Number of all, selected real atoms                :      932     932
Number of all, selected pseudo atoms              :        0       0
Number of all static, selected restraints         :    10545   10545
COVALENT_CYS                                      :        F
NONBONDED_SEL_ATOMS                               :        1
Number of non-bonded pairs (excluding 1-2,1-3,1-4):   135134
Dynamic pairs routine                             : 1, NATM x NATM double loop
Atomic shift for contacts update (UPDATE_DYNAMIC) :    0.390
LENNARD_JONES_SWITCH                              :    6.500   7.500
COULOMB_JONES_SWITCH                              :    6.500   7.500
RESIDUE_SPAN_RANGE                                :        1    9999
NLOGN_USE                                         :       15
CONTACT_SHELL                                     :   15.000
DYNAMIC_PAIRS,_SPHERE,_COULOMB,_LENNARD,_MODELLER :        T       F       F       F       T
SPHERE_STDV                                       :    0.050
RADII_FACTOR                                      :    0.820
Current energy                                    :      -12734.3682




<< end of ENERGY.
DOPE score               : -12734.368164
>> Model assessment by GA341 potential

Surface library          : C:\Program Files\Modeller10.8/modlib/surf5.de
Pair library             : C:\Program Files\Modeller10.8/modlib/pair9.de
Chain identifier         : _
% sequence identity      :    98.438004
Sequence length          :          128
Compactness              :     0.206157
Native energy (pair)     :   -61.401977
Native energy (surface)  :    -6.206445
Native energy (combined) :    -4.823274
Z score (pair)           :    -4.973664
Z score (surface)        :    -5.388035
Z score (combined)       :    -6.817105
GA341 score              :     1.000000



>> ENERGY; Differences between the model's features and restraints:
Number of all residues in MODEL                   :      128
Number of all, selected real atoms                :      932     932
Number of all, selected pseudo atoms              :        0       0
Number of all static, selected restraints         :    10545   10545
COVALENT_CYS                                      :        F
NONBONDED_SEL_ATOMS                               :        1
Number of non-bonded pairs (excluding 1-2,1-3,1-4):     1691
Dynamic pairs routine                             : 2, NATM x NATM cell sorting
Atomic shift for contacts update (UPDATE_DYNAMIC) :    0.390
LENNARD_JONES_SWITCH                              :    6.500   7.500
COULOMB_JONES_SWITCH                              :    6.500   7.500
RESIDUE_SPAN_RANGE                                :        0   99999
NLOGN_USE                                         :       15
CONTACT_SHELL                                     :    4.000
DYNAMIC_PAIRS,_SPHERE,_COULOMB,_LENNARD,_MODELLER :        T       T       F       F       F
SPHERE_STDV                                       :    0.050
RADII_FACTOR                                      :    0.820
Current energy                                    :         709.5817





Summary of the restraint violations: 

   NUM     ... number of restraints.
   NUMVI   ... number of restraints with RVIOL > VIOL_REPORT_CUT[i].
   RVIOL   ... relative difference from the best value.
   NUMVP   ... number of restraints with -Ln(pdf) > VIOL_REPORT_CUT2[i].
   RMS_1   ... RMS(feature, minimally_violated_basis_restraint, NUMB).
   RMS_2   ... RMS(feature, best_value, NUMB).
   MOL.PDF ... scaled contribution to -Ln(Molecular pdf).

 #                     RESTRAINT_GROUP      NUM   NUMVI  NUMVP   RMS_1   RMS_2         MOL.PDF     S_i
------------------------------------------------------------------------------------------------------
 1 Bond length potential              :     949       0      0   0.005   0.005      6.9542       1.000
 2 Bond angle potential               :    1298       0      3   2.099   2.099      112.75       1.000
 3 Stereochemical cosine torsion poten:     610       0     30  51.508  51.508      244.14       1.000
 4 Stereochemical improper torsion pot:     385       0      1   1.500   1.500      17.522       1.000
 5 Soft-sphere overlap restraints     :    1691       0      0   0.005   0.005      5.0728       1.000
 6 Lennard-Jones 6-12 potential       :       0       0      0   0.000   0.000      0.0000       1.000
 7 Coulomb point-point electrostatic p:       0       0      0   0.000   0.000      0.0000       1.000
 8 H-bonding potential                :       0       0      0   0.000   0.000      0.0000       1.000
 9 Distance restraints 1 (CA-CA)      :    1968       0      0   0.131   0.131      39.360       1.000
10 Distance restraints 2 (N-O)        :    2039       0      0   0.177   0.177      63.707       1.000
11 Mainchain Phi dihedral restraints  :       0       0      0   0.000   0.000      0.0000       1.000
12 Mainchain Psi dihedral restraints  :       0       0      0   0.000   0.000      0.0000       1.000
13 Mainchain Omega dihedral restraints:     127       1      2   4.464   4.464      29.843       1.000
14 Sidechain Chi_1 dihedral restraints:     105       0      0  52.931  52.931      1.7412       1.000
15 Sidechain Chi_2 dihedral restraints:      68       0      0  63.061  63.061      16.428       1.000
16 Sidechain Chi_3 dihedral restraints:      26       0      0  75.495  75.495      17.700       1.000
17 Sidechain Chi_4 dihedral restraints:       2       0      0  95.163  95.163      1.4927       1.000
18 Disulfide distance restraints      :       2       0      0   0.011   0.011     0.45571E-01   1.000
19 Disulfide angle restraints         :       4       0      0   1.518   1.518     0.20361       1.000
20 Disulfide dihedral angle restraints:       2       0      0  55.178  55.178      3.5398       1.000
21 Lower bound distance restraints    :       0       0      0   0.000   0.000      0.0000       1.000
22 Upper bound distance restraints    :       0       0      0   0.000   0.000      0.0000       1.000
23 Distance restraints 3 (SDCH-MNCH)  :    1991       0      1   0.435   0.435      65.553       1.000
24 Sidechain Chi_5 dihedral restraints:       0       0      0   0.000   0.000      0.0000       1.000
25 Phi/Psi pair of dihedral restraints:     126       3      9  22.988  39.186      18.030       1.000
26 Distance restraints 4 (SDCH-SDCH)  :     843       0      1   0.748   0.748      65.492       1.000
27 Distance restraints 5 (X-Y)        :       0       0      0   0.000   0.000      0.0000       1.000
28 NMR distance restraints 6 (X-Y)    :       0       0      0   0.000   0.000      0.0000       1.000
29 NMR distance restraints 7 (X-Y)    :       0       0      0   0.000   0.000      0.0000       1.000
30 Minimal distance restraints        :       0       0      0   0.000   0.000      0.0000       1.000
31 Non-bonded restraints              :       0       0      0   0.000   0.000      0.0000       1.000
32 Atomic accessibility restraints    :       0       0      0   0.000   0.000      0.0000       1.000
33 Atomic density restraints          :       0       0      0   0.000   0.000      0.0000       1.000
34 Absolute position restraints       :       0       0      0   0.000   0.000      0.0000       1.000
35 Dihedral angle difference restraint:       0       0      0   0.000   0.000      0.0000       1.000
36 GBSA implicit solvent potential    :       0       0      0   0.000   0.000      0.0000       1.000
37 EM density fitting potential       :       0       0      0   0.000   0.000      0.0000       1.000
38 SAXS restraints                    :       0       0      0   0.000   0.000      0.0000       1.000
39 Symmetry restraints                :       0       0      0   0.000   0.000      0.0000       1.000



# Heavy relative violation of each residue is written to: HUMA.V99990002
# The profile is NOT normalized by the number of restraints.
# The profiles are smoothed over a window of residues:    1
# The sum of all numbers in the file:    9859.1875



List of the violated restraints:
   A restraint is violated when the relative difference
   from the best value (RVIOL) is larger than CUTOFF.

   ICSR   ... index of a restraint in the current set.
   RESNO  ... residue numbers of the first two atoms.
   ATM    ... IUPAC atom names of the first two atoms.
   FEAT   ... the value of the feature in the model.
   restr  ... the mean of the basis restraint with the smallest
              difference from the model (local minimum).
   viol   ... difference from the local minimum.
   rviol  ... relative difference from the local minimum.
   RESTR  ... the best value (global minimum).
   VIOL   ... difference from the best value.
   RVIOL  ... relative difference from the best value.


-------------------------------------------------------------------------------------------------

Feature 13                           : Mainchain Omega dihedral restraints     
List of the RVIOL violations larger than   :       4.5000

    #   ICSR  RESNO1/2 ATM1/2   INDATM1/2    FEAT   restr    viol   rviol   RESTR    VIOL   RVIOL
    1   3392  16V  16V CA  C     103  107 -153.36 -180.00   26.64    5.33 -180.00   26.64    5.33

-------------------------------------------------------------------------------------------------

Feature 25                           : Phi/Psi pair of dihedral restraints     
List of the RVIOL violations larger than   :       6.5000

    #   ICSR  RESNO1/2 ATM1/2   INDATM1/2    FEAT   restr    viol   rviol   RESTR    VIOL   RVIOL
    1   3251   1M   2N C   N       7    9  -61.36  -63.20    3.65    0.39   55.90  144.09   17.61
    1          2N   2N N   CA      9   10  -44.25  -41.10                   39.50
    2   3268  18T  19G C   N     122  124  -66.56  -62.40    4.16    0.75   82.20  156.89   11.91
    2         19G  19G N   CA    124  125  -41.35  -41.20                    8.50
    3   3330  80S  81E C   N     562  564  -67.44  -69.30   37.50    2.80   54.60  137.18   11.64
    3         81E  81E N   CA    564  565  105.05  142.50                   42.40


report______> Distribution of short non-bonded contacts:


DISTANCE1:  0.00 2.10 2.20 2.30 2.40 2.50 2.60 2.70 2.80 2.90 3.00 3.10 3.20 3.30 3.40
DISTANCE2:  2.10 2.20 2.30 2.40 2.50 2.60 2.70 2.80 2.90 3.00 3.10 3.20 3.30 3.40 3.50
FREQUENCY:     0    0    0    0    0    5   14   28   55   61   71  104   92  109  138


<< end of ENERGY.
iupac_m_397W> Atoms were not swapped because of the uncertainty of how to handle the H atom.
>> Model assessment by DOPE potential
iatmcls_286W> MODEL atom not classified:  ALA:OXT  ALA


>> ENERGY; Differences between the model's features and restraints:
Number of all residues in MODEL                   :      128
Number of all, selected real atoms                :      932     932
Number of all, selected pseudo atoms              :        0       0
Number of all static, selected restraints         :    10545   10545
COVALENT_CYS                                      :        F
NONBONDED_SEL_ATOMS                               :        1
Number of non-bonded pairs (excluding 1-2,1-3,1-4):   135400
Dynamic pairs routine                             : 1, NATM x NATM double loop
Atomic shift for contacts update (UPDATE_DYNAMIC) :    0.390
LENNARD_JONES_SWITCH                              :    6.500   7.500
COULOMB_JONES_SWITCH                              :    6.500   7.500
RESIDUE_SPAN_RANGE                                :        1    9999
NLOGN_USE                                         :       15
CONTACT_SHELL                                     :   15.000
DYNAMIC_PAIRS,_SPHERE,_COULOMB,_LENNARD,_MODELLER :        T       F       F       F       T
SPHERE_STDV                                       :    0.050
RADII_FACTOR                                      :    0.820
Current energy                                    :      -12682.5186




<< end of ENERGY.
DOPE score               : -12682.518555
>> Model assessment by GA341 potential

Surface library          : C:\Program Files\Modeller10.8/modlib/surf5.de
Pair library             : C:\Program Files\Modeller10.8/modlib/pair9.de
Chain identifier         : _
% sequence identity      :    98.438004
Sequence length          :          128
Compactness              :     0.201999
Native energy (pair)     :   -59.981070
Native energy (surface)  :    -6.789054
Native energy (combined) :    -4.883429
Z score (pair)           :    -4.757555
Z score (surface)        :    -5.445296
Z score (combined)       :    -6.677121
GA341 score              :     1.000000



>> ENERGY; Differences between the model's features and restraints:
Number of all residues in MODEL                   :      128
Number of all, selected real atoms                :      932     932
Number of all, selected pseudo atoms              :        0       0
Number of all static, selected restraints         :    10545   10545
COVALENT_CYS                                      :        F
NONBONDED_SEL_ATOMS                               :        1
Number of non-bonded pairs (excluding 1-2,1-3,1-4):     1682
Dynamic pairs routine                             : 2, NATM x NATM cell sorting
Atomic shift for contacts update (UPDATE_DYNAMIC) :    0.390
LENNARD_JONES_SWITCH                              :    6.500   7.500
COULOMB_JONES_SWITCH                              :    6.500   7.500
RESIDUE_SPAN_RANGE                                :        0   99999
NLOGN_USE                                         :       15
CONTACT_SHELL                                     :    4.000
DYNAMIC_PAIRS,_SPHERE,_COULOMB,_LENNARD,_MODELLER :        T       T       F       F       F
SPHERE_STDV                                       :    0.050
RADII_FACTOR                                      :    0.820
Current energy                                    :         658.8894





Summary of the restraint violations: 

   NUM     ... number of restraints.
   NUMVI   ... number of restraints with RVIOL > VIOL_REPORT_CUT[i].
   RVIOL   ... relative difference from the best value.
   NUMVP   ... number of restraints with -Ln(pdf) > VIOL_REPORT_CUT2[i].
   RMS_1   ... RMS(feature, minimally_violated_basis_restraint, NUMB).
   RMS_2   ... RMS(feature, best_value, NUMB).
   MOL.PDF ... scaled contribution to -Ln(Molecular pdf).

 #                     RESTRAINT_GROUP      NUM   NUMVI  NUMVP   RMS_1   RMS_2         MOL.PDF     S_i
------------------------------------------------------------------------------------------------------
 1 Bond length potential              :     949       0      0   0.004   0.004      5.1488       1.000
 2 Bond angle potential               :    1298       0      1   1.984   1.984      99.327       1.000
 3 Stereochemical cosine torsion poten:     610       0     32  51.451  51.451      246.39       1.000
 4 Stereochemical improper torsion pot:     385       0      0   1.211   1.211      11.999       1.000
 5 Soft-sphere overlap restraints     :    1682       0      0   0.001   0.001     0.27441       1.000
 6 Lennard-Jones 6-12 potential       :       0       0      0   0.000   0.000      0.0000       1.000
 7 Coulomb point-point electrostatic p:       0       0      0   0.000   0.000      0.0000       1.000
 8 H-bonding potential                :       0       0      0   0.000   0.000      0.0000       1.000
 9 Distance restraints 1 (CA-CA)      :    1968       0      0   0.114   0.114      28.246       1.000
10 Distance restraints 2 (N-O)        :    2039       0      1   0.180   0.180      63.635       1.000
11 Mainchain Phi dihedral restraints  :       0       0      0   0.000   0.000      0.0000       1.000
12 Mainchain Psi dihedral restraints  :       0       0      0   0.000   0.000      0.0000       1.000
13 Mainchain Omega dihedral restraints:     127       0      0   3.501   3.501      18.359       1.000
14 Sidechain Chi_1 dihedral restraints:     105       0      0  57.658  57.658      4.0483       1.000
15 Sidechain Chi_2 dihedral restraints:      68       0      0  50.062  50.062      12.911       1.000
16 Sidechain Chi_3 dihedral restraints:      26       0      0  67.169  67.169      15.585       1.000
17 Sidechain Chi_4 dihedral restraints:       2       0      0  46.951  46.951      1.4334       1.000
18 Disulfide distance restraints      :       2       0      0   0.006   0.006     0.10924E-01   1.000
19 Disulfide angle restraints         :       4       0      0   1.224   1.224     0.13222       1.000
20 Disulfide dihedral angle restraints:       2       0      0  43.142  43.142      2.5862       1.000
21 Lower bound distance restraints    :       0       0      0   0.000   0.000      0.0000       1.000
22 Upper bound distance restraints    :       0       0      0   0.000   0.000      0.0000       1.000
23 Distance restraints 3 (SDCH-MNCH)  :    1991       0      0   0.432   0.432      64.076       1.000
24 Sidechain Chi_5 dihedral restraints:       0       0      0   0.000   0.000      0.0000       1.000
25 Phi/Psi pair of dihedral restraints:     126       5      9  25.211  43.443      24.373       1.000
26 Distance restraints 4 (SDCH-SDCH)  :     843       0      0   0.716   0.716      60.351       1.000
27 Distance restraints 5 (X-Y)        :       0       0      0   0.000   0.000      0.0000       1.000
28 NMR distance restraints 6 (X-Y)    :       0       0      0   0.000   0.000      0.0000       1.000
29 NMR distance restraints 7 (X-Y)    :       0       0      0   0.000   0.000      0.0000       1.000
30 Minimal distance restraints        :       0       0      0   0.000   0.000      0.0000       1.000
31 Non-bonded restraints              :       0       0      0   0.000   0.000      0.0000       1.000
32 Atomic accessibility restraints    :       0       0      0   0.000   0.000      0.0000       1.000
33 Atomic density restraints          :       0       0      0   0.000   0.000      0.0000       1.000
34 Absolute position restraints       :       0       0      0   0.000   0.000      0.0000       1.000
35 Dihedral angle difference restraint:       0       0      0   0.000   0.000      0.0000       1.000
36 GBSA implicit solvent potential    :       0       0      0   0.000   0.000      0.0000       1.000
37 EM density fitting potential       :       0       0      0   0.000   0.000      0.0000       1.000
38 SAXS restraints                    :       0       0      0   0.000   0.000      0.0000       1.000
39 Symmetry restraints                :       0       0      0   0.000   0.000      0.0000       1.000



# Heavy relative violation of each residue is written to: HUMA.V99990003
# The profile is NOT normalized by the number of restraints.
# The profiles are smoothed over a window of residues:    1
# The sum of all numbers in the file:    9636.9277



List of the violated restraints:
   A restraint is violated when the relative difference
   from the best value (RVIOL) is larger than CUTOFF.

   ICSR   ... index of a restraint in the current set.
   RESNO  ... residue numbers of the first two atoms.
   ATM    ... IUPAC atom names of the first two atoms.
   FEAT   ... the value of the feature in the model.
   restr  ... the mean of the basis restraint with the smallest
              difference from the model (local minimum).
   viol   ... difference from the local minimum.
   rviol  ... relative difference from the local minimum.
   RESTR  ... the best value (global minimum).
   VIOL   ... difference from the best value.
   RVIOL  ... relative difference from the best value.


-------------------------------------------------------------------------------------------------

Feature 25                           : Phi/Psi pair of dihedral restraints     
List of the RVIOL violations larger than   :       6.5000

    #   ICSR  RESNO1/2 ATM1/2   INDATM1/2    FEAT   restr    viol   rviol   RESTR    VIOL   RVIOL
    1   3251   1M   2N C   N       7    9  -65.16  -63.20    1.98    0.29   55.90  145.30   17.83
    1          2N   2N N   CA      9   10  -40.85  -41.10                   39.50
    2   3268  18T  19G C   N     122  124  -63.80  -62.40    4.19    0.57   82.20  153.01   11.56
    2         19G  19G N   CA    124  125  -37.26  -41.20                    8.50
    3   3330  80S  81E C   N     562  564  -69.53  -69.30   35.14    2.69   54.60  140.10   11.80
    3         81E  81E N   CA    564  565  107.36  142.50                   42.40
    4   3375 125A 126P C   N     911  913  -68.04  -58.70   28.31    1.73  -64.50  151.01   11.46
    4        126P 126P N   CA    913  914   -3.77  -30.50                  147.20
    5   3376 126P 127V C   N     918  920   61.20  -73.50  134.88    9.68 -125.40  173.43    6.68
    5        127V 127V N   CA    920  921  146.23  139.20                  143.30


report______> Distribution of short non-bonded contacts:


DISTANCE1:  0.00 2.10 2.20 2.30 2.40 2.50 2.60 2.70 2.80 2.90 3.00 3.10 3.20 3.30 3.40
DISTANCE2:  2.10 2.20 2.30 2.40 2.50 2.60 2.70 2.80 2.90 3.00 3.10 3.20 3.30 3.40 3.50
FREQUENCY:     0    0    0    0    0    2    8   38   45   56   71  100  115  128  132


<< end of ENERGY.
iupac_m_397W> Atoms were not swapped because of the uncertainty of how to handle the H atom.
>> Model assessment by DOPE potential
iatmcls_286W> MODEL atom not classified:  ALA:OXT  ALA


>> ENERGY; Differences between the model's features and restraints:
Number of all residues in MODEL                   :      128
Number of all, selected real atoms                :      932     932
Number of all, selected pseudo atoms              :        0       0
Number of all static, selected restraints         :    10545   10545
COVALENT_CYS                                      :        F
NONBONDED_SEL_ATOMS                               :        1
Number of non-bonded pairs (excluding 1-2,1-3,1-4):   134951
Dynamic pairs routine                             : 1, NATM x NATM double loop
Atomic shift for contacts update (UPDATE_DYNAMIC) :    0.390
LENNARD_JONES_SWITCH                              :    6.500   7.500
COULOMB_JONES_SWITCH                              :    6.500   7.500
RESIDUE_SPAN_RANGE                                :        1    9999
NLOGN_USE                                         :       15
CONTACT_SHELL                                     :   15.000
DYNAMIC_PAIRS,_SPHERE,_COULOMB,_LENNARD,_MODELLER :        T       F       F       F       T
SPHERE_STDV                                       :    0.050
RADII_FACTOR                                      :    0.820
Current energy                                    :      -12753.5547




<< end of ENERGY.
DOPE score               : -12753.554688
>> Model assessment by GA341 potential

Surface library          : C:\Program Files\Modeller10.8/modlib/surf5.de
Pair library             : C:\Program Files\Modeller10.8/modlib/pair9.de
Chain identifier         : _
% sequence identity      :    98.438004
Sequence length          :          128
Compactness              :     0.204195
Native energy (pair)     :   -58.576059
Native energy (surface)  :    -6.078434
Native energy (combined) :    -4.593259
Z score (pair)           :    -4.660247
Z score (surface)        :    -5.284960
Z score (combined)       :    -6.500340
GA341 score              :     1.000000



>> ENERGY; Differences between the model's features and restraints:
Number of all residues in MODEL                   :      128
Number of all, selected real atoms                :      932     932
Number of all, selected pseudo atoms              :        0       0
Number of all static, selected restraints         :    10545   10545
COVALENT_CYS                                      :        F
NONBONDED_SEL_ATOMS                               :        1
Number of non-bonded pairs (excluding 1-2,1-3,1-4):     1682
Dynamic pairs routine                             : 2, NATM x NATM cell sorting
Atomic shift for contacts update (UPDATE_DYNAMIC) :    0.390
LENNARD_JONES_SWITCH                              :    6.500   7.500
COULOMB_JONES_SWITCH                              :    6.500   7.500
RESIDUE_SPAN_RANGE                                :        0   99999
NLOGN_USE                                         :       15
CONTACT_SHELL                                     :    4.000
DYNAMIC_PAIRS,_SPHERE,_COULOMB,_LENNARD,_MODELLER :        T       T       F       F       F
SPHERE_STDV                                       :    0.050
RADII_FACTOR                                      :    0.820
Current energy                                    :         608.8884





Summary of the restraint violations: 

   NUM     ... number of restraints.
   NUMVI   ... number of restraints with RVIOL > VIOL_REPORT_CUT[i].
   RVIOL   ... relative difference from the best value.
   NUMVP   ... number of restraints with -Ln(pdf) > VIOL_REPORT_CUT2[i].
   RMS_1   ... RMS(feature, minimally_violated_basis_restraint, NUMB).
   RMS_2   ... RMS(feature, best_value, NUMB).
   MOL.PDF ... scaled contribution to -Ln(Molecular pdf).

 #                     RESTRAINT_GROUP      NUM   NUMVI  NUMVP   RMS_1   RMS_2         MOL.PDF     S_i
------------------------------------------------------------------------------------------------------
 1 Bond length potential              :     949       0      0   0.004   0.004      5.0170       1.000
 2 Bond angle potential               :    1298       0      0   1.914   1.914      92.854       1.000
 3 Stereochemical cosine torsion poten:     610       0     32  52.043  52.043      250.77       1.000
 4 Stereochemical improper torsion pot:     385       0      0   1.119   1.119      10.621       1.000
 5 Soft-sphere overlap restraints     :    1682       0      0   0.001   0.001     0.19389       1.000
 6 Lennard-Jones 6-12 potential       :       0       0      0   0.000   0.000      0.0000       1.000
 7 Coulomb point-point electrostatic p:       0       0      0   0.000   0.000      0.0000       1.000
 8 H-bonding potential                :       0       0      0   0.000   0.000      0.0000       1.000
 9 Distance restraints 1 (CA-CA)      :    1968       0      0   0.113   0.113      24.855       1.000
10 Distance restraints 2 (N-O)        :    2039       0      0   0.160   0.160      49.239       1.000
11 Mainchain Phi dihedral restraints  :       0       0      0   0.000   0.000      0.0000       1.000
12 Mainchain Psi dihedral restraints  :       0       0      0   0.000   0.000      0.0000       1.000
13 Mainchain Omega dihedral restraints:     127       0      0   3.595   3.595      19.361       1.000
14 Sidechain Chi_1 dihedral restraints:     105       0      1  50.434  50.434     0.47200       1.000
15 Sidechain Chi_2 dihedral restraints:      68       0      0  56.177  56.177      14.656       1.000
16 Sidechain Chi_3 dihedral restraints:      26       0      0  83.985  83.985      16.265       1.000
17 Sidechain Chi_4 dihedral restraints:       2       0      0 148.782 148.782      1.2671       1.000
18 Disulfide distance restraints      :       2       0      0   0.007   0.007     0.17597E-01   1.000
19 Disulfide angle restraints         :       4       0      0   1.669   1.669     0.24594       1.000
20 Disulfide dihedral angle restraints:       2       0      0  49.581  49.581      3.1855       1.000
21 Lower bound distance restraints    :       0       0      0   0.000   0.000      0.0000       1.000
22 Upper bound distance restraints    :       0       0      0   0.000   0.000      0.0000       1.000
23 Distance restraints 3 (SDCH-MNCH)  :    1991       0      0   0.405   0.405      58.291       1.000
24 Sidechain Chi_5 dihedral restraints:       0       0      0   0.000   0.000      0.0000       1.000
25 Phi/Psi pair of dihedral restraints:     126       3      5  21.831  39.219      7.3763       1.000
26 Distance restraints 4 (SDCH-SDCH)  :     843       0      0   0.678   0.678      54.205       1.000
27 Distance restraints 5 (X-Y)        :       0       0      0   0.000   0.000      0.0000       1.000
28 NMR distance restraints 6 (X-Y)    :       0       0      0   0.000   0.000      0.0000       1.000
29 NMR distance restraints 7 (X-Y)    :       0       0      0   0.000   0.000      0.0000       1.000
30 Minimal distance restraints        :       0       0      0   0.000   0.000      0.0000       1.000
31 Non-bonded restraints              :       0       0      0   0.000   0.000      0.0000       1.000
32 Atomic accessibility restraints    :       0       0      0   0.000   0.000      0.0000       1.000
33 Atomic density restraints          :       0       0      0   0.000   0.000      0.0000       1.000
34 Absolute position restraints       :       0       0      0   0.000   0.000      0.0000       1.000
35 Dihedral angle difference restraint:       0       0      0   0.000   0.000      0.0000       1.000
36 GBSA implicit solvent potential    :       0       0      0   0.000   0.000      0.0000       1.000
37 EM density fitting potential       :       0       0      0   0.000   0.000      0.0000       1.000
38 SAXS restraints                    :       0       0      0   0.000   0.000      0.0000       1.000
39 Symmetry restraints                :       0       0      0   0.000   0.000      0.0000       1.000



# Heavy relative violation of each residue is written to: HUMA.V99990004
# The profile is NOT normalized by the number of restraints.
# The profiles are smoothed over a window of residues:    1
# The sum of all numbers in the file:    9083.5654



List of the violated restraints:
   A restraint is violated when the relative difference
   from the best value (RVIOL) is larger than CUTOFF.

   ICSR   ... index of a restraint in the current set.
   RESNO  ... residue numbers of the first two atoms.
   ATM    ... IUPAC atom names of the first two atoms.
   FEAT   ... the value of the feature in the model.
   restr  ... the mean of the basis restraint with the smallest
              difference from the model (local minimum).
   viol   ... difference from the local minimum.
   rviol  ... relative difference from the local minimum.
   RESTR  ... the best value (global minimum).
   VIOL   ... difference from the best value.
   RVIOL  ... relative difference from the best value.


-------------------------------------------------------------------------------------------------

Feature 25                           : Phi/Psi pair of dihedral restraints     
List of the RVIOL violations larger than   :       6.5000

    #   ICSR  RESNO1/2 ATM1/2   INDATM1/2    FEAT   restr    viol   rviol   RESTR    VIOL   RVIOL
    1   3251   1M   2N C   N       7    9  -64.65  -63.20    1.84    0.30   55.90  145.64   17.85
    1          2N   2N N   CA      9   10  -42.22  -41.10                   39.50
    2   3268  18T  19G C   N     122  124  -63.70  -62.40    4.56    0.63   82.20  152.78   11.54
    2         19G  19G N   CA    124  125  -36.83  -41.20                    8.50
    3   3376 126P 127V C   N     918  920  -60.51  -62.40    3.33    0.54 -125.40 -171.44   10.58
    3        127V 127V N   CA    920  921  -39.66  -42.40                  143.30


report______> Distribution of short non-bonded contacts:


DISTANCE1:  0.00 2.10 2.20 2.30 2.40 2.50 2.60 2.70 2.80 2.90 3.00 3.10 3.20 3.30 3.40
DISTANCE2:  2.10 2.20 2.30 2.40 2.50 2.60 2.70 2.80 2.90 3.00 3.10 3.20 3.30 3.40 3.50
FREQUENCY:     0    0    0    0    0    4   11   26   45   52   66   97  113  122  136


<< end of ENERGY.
iupac_m_397W> Atoms were not swapped because of the uncertainty of how to handle the H atom.
iupac_m_397W> Atoms were not swapped because of the uncertainty of how to handle the H atom.
iupac_m_397W> Atoms were not swapped because of the uncertainty of how to handle the H atom.
>> Model assessment by DOPE potential
iatmcls_286W> MODEL atom not classified:  ALA:OXT  ALA


>> ENERGY; Differences between the model's features and restraints:
Number of all residues in MODEL                   :      128
Number of all, selected real atoms                :      932     932
Number of all, selected pseudo atoms              :        0       0
Number of all static, selected restraints         :    10545   10545
COVALENT_CYS                                      :        F
NONBONDED_SEL_ATOMS                               :        1
Number of non-bonded pairs (excluding 1-2,1-3,1-4):   135466
Dynamic pairs routine                             : 1, NATM x NATM double loop
Atomic shift for contacts update (UPDATE_DYNAMIC) :    0.390
LENNARD_JONES_SWITCH                              :    6.500   7.500
COULOMB_JONES_SWITCH                              :    6.500   7.500
RESIDUE_SPAN_RANGE                                :        1    9999
NLOGN_USE                                         :       15
CONTACT_SHELL                                     :   15.000
DYNAMIC_PAIRS,_SPHERE,_COULOMB,_LENNARD,_MODELLER :        T       F       F       F       T
SPHERE_STDV                                       :    0.050
RADII_FACTOR                                      :    0.820
Current energy                                    :      -12730.4746




<< end of ENERGY.
DOPE score               : -12730.474609
>> Model assessment by GA341 potential

Surface library          : C:\Program Files\Modeller10.8/modlib/surf5.de
Pair library             : C:\Program Files\Modeller10.8/modlib/pair9.de
Chain identifier         : _
% sequence identity      :    98.438004
Sequence length          :          128
Compactness              :     0.203420
Native energy (pair)     :   -62.699874
Native energy (surface)  :    -5.894552
Native energy (combined) :    -4.822579
Z score (pair)           :    -4.948925
Z score (surface)        :    -5.311628
Z score (combined)       :    -6.674718
GA341 score              :     1.000000



>> ENERGY; Differences between the model's features and restraints:
Number of all residues in MODEL                   :      128
Number of all, selected real atoms                :      932     932
Number of all, selected pseudo atoms              :        0       0
Number of all static, selected restraints         :    10545   10545
COVALENT_CYS                                      :        F
NONBONDED_SEL_ATOMS                               :        1
Number of non-bonded pairs (excluding 1-2,1-3,1-4):     1713
Dynamic pairs routine                             : 2, NATM x NATM cell sorting
Atomic shift for contacts update (UPDATE_DYNAMIC) :    0.390
LENNARD_JONES_SWITCH                              :    6.500   7.500
COULOMB_JONES_SWITCH                              :    6.500   7.500
RESIDUE_SPAN_RANGE                                :        0   99999
NLOGN_USE                                         :       15
CONTACT_SHELL                                     :    4.000
DYNAMIC_PAIRS,_SPHERE,_COULOMB,_LENNARD,_MODELLER :        T       T       F       F       F
SPHERE_STDV                                       :    0.050
RADII_FACTOR                                      :    0.820
Current energy                                    :         675.3601





Summary of the restraint violations: 

   NUM     ... number of restraints.
   NUMVI   ... number of restraints with RVIOL > VIOL_REPORT_CUT[i].
   RVIOL   ... relative difference from the best value.
   NUMVP   ... number of restraints with -Ln(pdf) > VIOL_REPORT_CUT2[i].
   RMS_1   ... RMS(feature, minimally_violated_basis_restraint, NUMB).
   RMS_2   ... RMS(feature, best_value, NUMB).
   MOL.PDF ... scaled contribution to -Ln(Molecular pdf).

 #                     RESTRAINT_GROUP      NUM   NUMVI  NUMVP   RMS_1   RMS_2         MOL.PDF     S_i
------------------------------------------------------------------------------------------------------
 1 Bond length potential              :     949       0      0   0.005   0.005      5.6164       1.000
 2 Bond angle potential               :    1298       1      2   1.951   1.951      99.104       1.000
 3 Stereochemical cosine torsion poten:     610       0     29  52.075  52.075      249.23       1.000
 4 Stereochemical improper torsion pot:     385       0      0   1.139   1.139      10.621       1.000
 5 Soft-sphere overlap restraints     :    1713       0      0   0.001   0.001     0.17875       1.000
 6 Lennard-Jones 6-12 potential       :       0       0      0   0.000   0.000      0.0000       1.000
 7 Coulomb point-point electrostatic p:       0       0      0   0.000   0.000      0.0000       1.000
 8 H-bonding potential                :       0       0      0   0.000   0.000      0.0000       1.000
 9 Distance restraints 1 (CA-CA)      :    1968       0      0   0.095   0.095      20.965       1.000
10 Distance restraints 2 (N-O)        :    2039       0      7   0.197   0.197      83.485       1.000
11 Mainchain Phi dihedral restraints  :       0       0      0   0.000   0.000      0.0000       1.000
12 Mainchain Psi dihedral restraints  :       0       0      0   0.000   0.000      0.0000       1.000
13 Mainchain Omega dihedral restraints:     127       0      1   3.669   3.669      20.157       1.000
14 Sidechain Chi_1 dihedral restraints:     105       0      1  61.492  61.492      10.908       1.000
15 Sidechain Chi_2 dihedral restraints:      68       0      0  64.396  64.396      13.975       1.000
16 Sidechain Chi_3 dihedral restraints:      26       0      0  56.299  56.299      15.035       1.000
17 Sidechain Chi_4 dihedral restraints:       2       0      0   6.027   6.027      1.2054       1.000
18 Disulfide distance restraints      :       2       0      0   0.008   0.008     0.24755E-01   1.000
19 Disulfide angle restraints         :       4       0      0   1.425   1.425     0.17933       1.000
20 Disulfide dihedral angle restraints:       2       0      0  55.519  55.519      3.5353       1.000
21 Lower bound distance restraints    :       0       0      0   0.000   0.000      0.0000       1.000
22 Upper bound distance restraints    :       0       0      0   0.000   0.000      0.0000       1.000
23 Distance restraints 3 (SDCH-MNCH)  :    1991       0      0   0.417   0.417      61.879       1.000
24 Sidechain Chi_5 dihedral restraints:       0       0      0   0.000   0.000      0.0000       1.000
25 Phi/Psi pair of dihedral restraints:     126       4      5  21.683  41.082      7.4937       1.000
26 Distance restraints 4 (SDCH-SDCH)  :     843       0      0   0.773   0.773      71.769       1.000
27 Distance restraints 5 (X-Y)        :       0       0      0   0.000   0.000      0.0000       1.000
28 NMR distance restraints 6 (X-Y)    :       0       0      0   0.000   0.000      0.0000       1.000
29 NMR distance restraints 7 (X-Y)    :       0       0      0   0.000   0.000      0.0000       1.000
30 Minimal distance restraints        :       0       0      0   0.000   0.000      0.0000       1.000
31 Non-bonded restraints              :       0       0      0   0.000   0.000      0.0000       1.000
32 Atomic accessibility restraints    :       0       0      0   0.000   0.000      0.0000       1.000
33 Atomic density restraints          :       0       0      0   0.000   0.000      0.0000       1.000
34 Absolute position restraints       :       0       0      0   0.000   0.000      0.0000       1.000
35 Dihedral angle difference restraint:       0       0      0   0.000   0.000      0.0000       1.000
36 GBSA implicit solvent potential    :       0       0      0   0.000   0.000      0.0000       1.000
37 EM density fitting potential       :       0       0      0   0.000   0.000      0.0000       1.000
38 SAXS restraints                    :       0       0      0   0.000   0.000      0.0000       1.000
39 Symmetry restraints                :       0       0      0   0.000   0.000      0.0000       1.000



# Heavy relative violation of each residue is written to: HUMA.V99990005
# The profile is NOT normalized by the number of restraints.
# The profiles are smoothed over a window of residues:    1
# The sum of all numbers in the file:    9680.1836



List of the violated restraints:
   A restraint is violated when the relative difference
   from the best value (RVIOL) is larger than CUTOFF.

   ICSR   ... index of a restraint in the current set.
   RESNO  ... residue numbers of the first two atoms.
   ATM    ... IUPAC atom names of the first two atoms.
   FEAT   ... the value of the feature in the model.
   restr  ... the mean of the basis restraint with the smallest
              difference from the model (local minimum).
   viol   ... difference from the local minimum.
   rviol  ... relative difference from the local minimum.
   RESTR  ... the best value (global minimum).
   VIOL   ... difference from the best value.
   RVIOL  ... relative difference from the best value.


-------------------------------------------------------------------------------------------------

Feature  2                           : Bond angle potential                    
List of the RVIOL violations larger than   :       4.5000

    #   ICSR  RESNO1/2 ATM1/2   INDATM1/2    FEAT   restr    viol   rviol   RESTR    VIOL   RVIOL
    1   1787  86S  86S N   CA    597  598  124.55  107.00   17.55    5.05  107.00   17.55    5.05

-------------------------------------------------------------------------------------------------

Feature 25                           : Phi/Psi pair of dihedral restraints     
List of the RVIOL violations larger than   :       6.5000

    #   ICSR  RESNO1/2 ATM1/2   INDATM1/2    FEAT   restr    viol   rviol   RESTR    VIOL   RVIOL
    1   3251   1M   2N C   N       7    9  -65.75  -63.20    5.80    0.87   55.90  148.87   18.21
    1          2N   2N N   CA      9   10  -46.31  -41.10                   39.50
    2   3268  18T  19G C   N     122  124  -64.23  -62.40    4.43    0.60   82.20  153.38   11.59
    2         19G  19G N   CA    124  125  -37.17  -41.20                    8.50
    3   3335  85I  86S C   N     595  597  -70.38  -64.10   14.76    0.93  -72.40  174.05   10.17
    3         86S  86S N   CA    597  598  -21.64  -35.00                  152.40
    4   3336  86S  87G C   N     601  603   78.38   82.20   14.27    0.88  -62.40  145.30   27.10
    4         87G  87G N   CA    603  604   -5.25    8.50                  -41.20


report______> Distribution of short non-bonded contacts:


DISTANCE1:  0.00 2.10 2.20 2.30 2.40 2.50 2.60 2.70 2.80 2.90 3.00 3.10 3.20 3.30 3.40
DISTANCE2:  2.10 2.20 2.30 2.40 2.50 2.60 2.70 2.80 2.90 3.00 3.10 3.20 3.30 3.40 3.50
FREQUENCY:     0    0    0    0    0    4   16   25   54   41   80   88  103  121  130


<< end of ENERGY.

>> Summary of successfully produced models:
Filename                          molpdf     DOPE score    GA341 score
----------------------------------------------------------------------
HUMA.B99990001.pdb             706.84064   -12768.93555        1.00000
HUMA.B99990002.pdb             709.58173   -12734.36816        1.00000
HUMA.B99990003.pdb             658.88940   -12682.51855        1.00000
HUMA.B99990004.pdb             608.88837   -12753.55469        1.00000
HUMA.B99990005.pdb             675.36011   -12730.47461        1.00000

Total CPU time [seconds]                                 :      24.52
